

================================================================
== Vitis HLS Report for 'top_kernel_Pipeline_VITIS_LOOP_44_6'
================================================================
* Date:           Thu Jan 29 14:28:05 2026

* Version:        2025.1.1 (Build 6214317 on Sep 11 2025)
* Project:        project_1
* Solution:       hls (Vivado IP Flow Target)
* Product family: zynquplus
* Target device:  xczu3eg-sbva484-1-e


================================================================
== Performance Estimates
================================================================
+ Timing: 
    * Summary: 
    +--------+----------+----------+------------+
    |  Clock |  Target  | Estimated| Uncertainty|
    +--------+----------+----------+------------+
    |ap_clk  |  10.00 ns|  7.277 ns|     2.70 ns|
    +--------+----------+----------+------------+

+ Latency: 
    * Summary: 
    +---------+---------+----------+----------+-----+-----+------------------------------------------------+
    |  Latency (cycles) |  Latency (absolute) |  Interval |                    Pipeline                    |
    |   min   |   max   |    min   |    max   | min | max |                      Type                      |
    +---------+---------+----------+----------+-----+-----+------------------------------------------------+
    |      259|      259|  2.590 us|  2.590 us|  257|  257|  loop auto-rewind stp (delay=0 clock cycles(s))|
    +---------+---------+----------+----------+-----+-----+------------------------------------------------+

    + Detail: 
        * Instance: 
        N/A

        * Loop: 
        +-------------------+---------+---------+----------+-----------+-----------+------+----------+
        |                   |  Latency (cycles) | Iteration|  Initiation Interval  | Trip |          |
        |     Loop Name     |   min   |   max   |  Latency |  achieved |   target  | Count| Pipelined|
        +-------------------+---------+---------+----------+-----------+-----------+------+----------+
        |- VITIS_LOOP_44_6  |      257|      257|         3|          1|          1|   256|       yes|
        +-------------------+---------+---------+----------+-----------+-----------+------+----------+



================================================================
== Utilization Estimates
================================================================
* Summary: 
+-----------------+---------+-----+--------+-------+-----+
|       Name      | BRAM_18K| DSP |   FF   |  LUT  | URAM|
+-----------------+---------+-----+--------+-------+-----+
|DSP              |        -|    -|       -|      -|    -|
|Expression       |        -|    -|       0|    190|    -|
|FIFO             |        -|    -|       -|      -|    -|
|Instance         |        -|    2|       0|     39|    -|
|Memory           |        -|    -|       -|      -|    -|
|Multiplexer      |        -|    -|       0|     36|    -|
|Register         |        -|    -|     114|      -|    -|
+-----------------+---------+-----+--------+-------+-----+
|Total            |        0|    2|     114|    265|    0|
+-----------------+---------+-----+--------+-------+-----+
|Available        |      432|  360|  141120|  70560|    0|
+-----------------+---------+-----+--------+-------+-----+
|Utilization (%)  |        0|   ~0|      ~0|     ~0|    0|
+-----------------+---------+-----+--------+-------+-----+

+ Detail: 
    * Instance: 
    +------------------------+--------------------+---------+----+---+----+-----+
    |        Instance        |       Module       | BRAM_18K| DSP| FF| LUT| URAM|
    +------------------------+--------------------+---------+----+---+----+-----+
    |mul_24s_24s_48_1_1_U13  |mul_24s_24s_48_1_1  |        0|   2|  0|  39|    0|
    +------------------------+--------------------+---------+----+---+----+-----+
    |Total                   |                    |        0|   2|  0|  39|    0|
    +------------------------+--------------------+---------+----+---+----+-----+

    * DSP: 
    N/A

    * Memory: 
    N/A

    * FIFO: 
    N/A

    * Expression: 
    +-------------------------+----------+----+---+----+------------+------------+
    |      Variable Name      | Operation| DSP| FF| LUT| Bitwidth P0| Bitwidth P1|
    +-------------------------+----------+----+---+----+------------+------------+
    |add_ln44_fu_144_p2       |         +|   0|  0|  16|           9|           1|
    |add_ln46_fu_215_p2       |         +|   0|  0|  31|          24|          24|
    |and_ln46_1_fu_297_p2     |       and|   0|  0|   2|           1|           1|
    |and_ln46_2_fu_311_p2     |       and|   0|  0|   2|           1|           1|
    |and_ln46_3_fu_335_p2     |       and|   0|  0|   2|           1|           1|
    |and_ln46_4_fu_341_p2     |       and|   0|  0|   2|           1|           1|
    |and_ln46_5_fu_359_p2     |       and|   0|  0|   2|           1|           1|
    |and_ln46_fu_235_p2       |       and|   0|  0|   2|           1|           1|
    |icmp_ln44_fu_138_p2      |      icmp|   0|  0|  17|           9|          10|
    |icmp_ln46_1_fu_271_p2    |      icmp|   0|  0|  15|           8|           2|
    |icmp_ln46_2_fu_277_p2    |      icmp|   0|  0|  15|           8|           1|
    |icmp_ln46_fu_257_p2      |      icmp|   0|  0|  14|           7|           2|
    |or_ln46_1_fu_373_p2      |        or|   0|  0|   2|           1|           1|
    |or_ln46_2_fu_347_p2      |        or|   0|  0|   2|           1|           1|
    |or_ln46_fu_323_p2        |        or|   0|  0|   2|           1|           1|
    |select_ln46_1_fu_303_p3  |    select|   0|  0|   2|           1|           1|
    |select_ln46_2_fu_365_p3  |    select|   0|  0|  24|           1|          23|
    |select_ln46_3_fu_379_p3  |    select|   0|  0|  24|           1|          24|
    |select_ln46_fu_283_p3    |    select|   0|  0|   2|           1|           1|
    |ap_enable_pp0            |       xor|   0|  0|   2|           1|           2|
    |xor_ln46_1_fu_291_p2     |       xor|   0|  0|   2|           1|           2|
    |xor_ln46_2_fu_317_p2     |       xor|   0|  0|   2|           1|           2|
    |xor_ln46_3_fu_329_p2     |       xor|   0|  0|   2|           1|           2|
    |xor_ln46_4_fu_353_p2     |       xor|   0|  0|   2|           1|           2|
    |xor_ln46_fu_229_p2       |       xor|   0|  0|   2|           1|           2|
    +-------------------------+----------+----+---+----+------------+------------+
    |Total                    |          |   0|  0| 190|          84|         110|
    +-------------------------+----------+----+---+----+------------+------------+

    * Multiplexer: 
    +-------------------------+----+-----------+-----+-----------+
    |           Name          | LUT| Input Size| Bits| Total Bits|
    +-------------------------+----+-----------+-----+-----------+
    |ap_done_int              |   9|          2|    1|          2|
    |ap_enable_reg_pp0_iter1  |   9|          2|    1|          2|
    |ap_sig_allocacmp_i_1     |   9|          2|    9|         18|
    |i_fu_80                  |   9|          2|    9|         18|
    +-------------------------+----+-----------+-----+-----------+
    |Total                    |  36|          8|   20|         40|
    +-------------------------+----+-----------+-----+-----------+

    * Register: 
    +-----------------------------------+----+----+-----+-----------+
    |                Name               | FF | LUT| Bits| Const Bits|
    +-----------------------------------+----+----+-----+-----------+
    |ap_CS_fsm                          |   1|   0|    1|          0|
    |ap_done_reg                        |   1|   0|    1|          0|
    |ap_enable_reg_pp0_iter1            |   1|   0|    1|          0|
    |ap_enable_reg_pp0_iter2            |   1|   0|    1|          0|
    |ap_loop_exit_ready_pp0_iter1_reg   |   1|   0|    1|          0|
    |conv7_i_cast_reg_394               |  48|   0|   48|          0|
    |i_fu_80                            |   9|   0|    9|          0|
    |select_ln46_3_reg_413              |  24|   0|   24|          0|
    |zext_ln46_1_reg_403                |  14|   0|   64|         50|
    |zext_ln46_1_reg_403_pp0_iter1_reg  |  14|   0|   64|         50|
    +-----------------------------------+----+----+-----+-----------+
    |Total                              | 114|   0|  214|        100|
    +-----------------------------------+----+----+-----+-----------+



================================================================
== Interface
================================================================
* Summary: 
+--------------+-----+-----+------------+-------------------------------------+--------------+
|   RTL Ports  | Dir | Bits|  Protocol  |            Source Object            |    C Type    |
+--------------+-----+-----+------------+-------------------------------------+--------------+
|ap_clk        |   in|    1|  ap_ctrl_hs|  top_kernel_Pipeline_VITIS_LOOP_44_6|  return value|
|ap_rst        |   in|    1|  ap_ctrl_hs|  top_kernel_Pipeline_VITIS_LOOP_44_6|  return value|
|ap_start      |   in|    1|  ap_ctrl_hs|  top_kernel_Pipeline_VITIS_LOOP_44_6|  return value|
|ap_done       |  out|    1|  ap_ctrl_hs|  top_kernel_Pipeline_VITIS_LOOP_44_6|  return value|
|ap_idle       |  out|    1|  ap_ctrl_hs|  top_kernel_Pipeline_VITIS_LOOP_44_6|  return value|
|ap_ready      |  out|    1|  ap_ctrl_hs|  top_kernel_Pipeline_VITIS_LOOP_44_6|  return value|
|zext_ln31     |   in|    6|     ap_none|                            zext_ln31|        scalar|
|C_address0    |  out|   14|   ap_memory|                                    C|         array|
|C_ce0         |  out|    1|   ap_memory|                                    C|         array|
|C_we0         |  out|    1|   ap_memory|                                    C|         array|
|C_d0          |  out|   24|   ap_memory|                                    C|         array|
|conv7_i       |   in|   24|     ap_none|                              conv7_i|        scalar|
|tmp_address0  |  out|   14|   ap_memory|                                  tmp|         array|
|tmp_ce0       |  out|    1|   ap_memory|                                  tmp|         array|
|tmp_q0        |   in|   24|   ap_memory|                                  tmp|         array|
+--------------+-----+-----+------------+-------------------------------------+--------------+

