

================================================================
== Vitis HLS Report for 'top_kernel_Pipeline_VITIS_LOOP_35_5'
================================================================
* Date:           Thu Jan 29 14:28:05 2026

* Version:        2025.1.1 (Build 6214317 on Sep 11 2025)
* Project:        project_1
* Solution:       hls (Vivado IP Flow Target)
* Product family: zynquplus
* Target device:  xczu3eg-sbva484-1-e


================================================================
== Performance Estimates
================================================================
+ Timing: 
    * Summary: 
    +--------+----------+----------+------------+
    |  Clock |  Target  | Estimated| Uncertainty|
    +--------+----------+----------+------------+
    |ap_clk  |  10.00 ns|  3.385 ns|     2.70 ns|
    +--------+----------+----------+------------+

+ Latency: 
    * Summary: 
    +---------+---------+----------+----------+-----+-----+------------------------------------------------+
    |  Latency (cycles) |  Latency (absolute) |  Interval |                    Pipeline                    |
    |   min   |   max   |    min   |    max   | min | max |                      Type                      |
    +---------+---------+----------+----------+-----+-----+------------------------------------------------+
    |      258|      258|  2.580 us|  2.580 us|  257|  257|  loop auto-rewind stp (delay=0 clock cycles(s))|
    +---------+---------+----------+----------+-----+-----+------------------------------------------------+

    + Detail: 
        * Instance: 
        N/A

        * Loop: 
        +-------------------+---------+---------+----------+-----------+-----------+------+----------+
        |                   |  Latency (cycles) | Iteration|  Initiation Interval  | Trip |          |
        |     Loop Name     |   min   |   max   |  Latency |  achieved |   target  | Count| Pipelined|
        +-------------------+---------+---------+----------+-----------+-----------+------+----------+
        |- VITIS_LOOP_35_5  |      256|      256|         2|          1|          1|   256|       yes|
        +-------------------+---------+---------+----------+-----------+-----------+------+----------+



================================================================
== Utilization Estimates
================================================================
* Summary: 
+-----------------+---------+-----+--------+-------+-----+
|       Name      | BRAM_18K| DSP |   FF   |  LUT  | URAM|
+-----------------+---------+-----+--------+-------+-----+
|DSP              |        -|    -|       -|      -|    -|
|Expression       |        -|    -|       0|    152|    -|
|FIFO             |        -|    -|       -|      -|    -|
|Instance         |        -|    -|       -|      -|    -|
|Memory           |        -|    -|       -|      -|    -|
|Multiplexer      |        -|    -|       0|     45|    -|
|Register         |        -|    -|      36|      -|    -|
+-----------------+---------+-----+--------+-------+-----+
|Total            |        0|    0|      36|    197|    0|
+-----------------+---------+-----+--------+-------+-----+
|Available        |      432|  360|  141120|  70560|    0|
+-----------------+---------+-----+--------+-------+-----+
|Utilization (%)  |        0|    0|      ~0|     ~0|    0|
+-----------------+---------+-----+--------+-------+-----+

+ Detail: 
    * Instance: 
    N/A

    * DSP: 
    N/A

    * Memory: 
    N/A

    * FIFO: 
    N/A

    * Expression: 
    +-------------------------+----------+----+---+----+------------+------------+
    |      Variable Name      | Operation| DSP| FF| LUT| Bitwidth P0| Bitwidth P1|
    +-------------------------+----------+----+---+----+------------+------------+
    |add_ln35_fu_105_p2       |         +|   0|  0|  16|           9|           1|
    |add_ln37_1_fu_150_p2     |         +|   0|  0|  32|          25|          25|
    |add_ln37_fu_144_p2       |         +|   0|  0|  31|          24|          24|
    |and_ln37_fu_178_p2       |       and|   0|  0|   2|           1|           1|
    |icmp_ln35_fu_99_p2       |      icmp|   0|  0|  17|           9|          10|
    |select_ln37_1_fu_198_p3  |    select|   0|  0|  24|           1|          24|
    |select_ln37_fu_190_p3    |    select|   0|  0|  24|           1|          23|
    |ap_enable_pp0            |       xor|   0|  0|   2|           1|           2|
    |xor_ln37_1_fu_184_p2     |       xor|   0|  0|   2|           1|           1|
    |xor_ln37_fu_172_p2       |       xor|   0|  0|   2|           1|           2|
    +-------------------------+----------+----+---+----+------------+------------+
    |Total                    |          |   0|  0| 152|          73|         113|
    +-------------------------+----------+----+---+----+------------+------------+

    * Multiplexer: 
    +-------------------------+----+-----------+-----+-----------+
    |           Name          | LUT| Input Size| Bits| Total Bits|
    +-------------------------+----+-----------+-----+-----------+
    |ap_done_int              |   9|          2|    1|          2|
    |ap_enable_reg_pp0_iter1  |   9|          2|    1|          2|
    |ap_sig_allocacmp_i       |   9|          2|    9|         18|
    |empty_fu_52              |   9|          2|   24|         48|
    |i_1_fu_56                |   9|          2|    9|         18|
    +-------------------------+----+-----------+-----+-----------+
    |Total                    |  45|         10|   44|         88|
    +-------------------------+----+-----------+-----+-----------+

    * Register: 
    +-------------------------+----+----+-----+-----------+
    |           Name          | FF | LUT| Bits| Const Bits|
    +-------------------------+----+----+-----+-----------+
    |ap_CS_fsm                |   1|   0|    1|          0|
    |ap_done_reg              |   1|   0|    1|          0|
    |ap_enable_reg_pp0_iter1  |   1|   0|    1|          0|
    |empty_fu_52              |  24|   0|   24|          0|
    |i_1_fu_56                |   9|   0|    9|          0|
    +-------------------------+----+----+-----+-----------+
    |Total                    |  36|   0|   36|          0|
    +-------------------------+----+----+-----+-----------+



================================================================
== Interface
================================================================
* Summary: 
+--------------+-----+-----+------------+-------------------------------------+--------------+
|   RTL Ports  | Dir | Bits|  Protocol  |            Source Object            |    C Type    |
+--------------+-----+-----+------------+-------------------------------------+--------------+
|ap_clk        |   in|    1|  ap_ctrl_hs|  top_kernel_Pipeline_VITIS_LOOP_35_5|  return value|
|ap_rst        |   in|    1|  ap_ctrl_hs|  top_kernel_Pipeline_VITIS_LOOP_35_5|  return value|
|ap_start      |   in|    1|  ap_ctrl_hs|  top_kernel_Pipeline_VITIS_LOOP_35_5|  return value|
|ap_done       |  out|    1|  ap_ctrl_hs|  top_kernel_Pipeline_VITIS_LOOP_35_5|  return value|
|ap_idle       |  out|    1|  ap_ctrl_hs|  top_kernel_Pipeline_VITIS_LOOP_35_5|  return value|
|ap_ready      |  out|    1|  ap_ctrl_hs|  top_kernel_Pipeline_VITIS_LOOP_35_5|  return value|
|zext_ln31     |   in|    6|     ap_none|                            zext_ln31|        scalar|
|p_out         |  out|   24|      ap_vld|                                p_out|       pointer|
|p_out_ap_vld  |  out|    1|      ap_vld|                                p_out|       pointer|
|tmp_address0  |  out|   14|   ap_memory|                                  tmp|         array|
|tmp_ce0       |  out|    1|   ap_memory|                                  tmp|         array|
|tmp_q0        |   in|   24|   ap_memory|                                  tmp|         array|
+--------------+-----+-----+------------+-------------------------------------+--------------+

